pyinstaller : 147 INFO: 
PyInstaller: 6.18.0, contrib 
hooks: 2026.0
At line:1 char:175
+ ... lyContinue; pyinstaller 
--clean --noconfirm 
remindme.spec 2>&1 | Tee- ...
+                 ~~~~~~~~~~~~
~~~~~~~~~~~~~~~~~~~~~~~~~~~~~~
~~~~~~~~
    + CategoryInfo          : 
    NotSpecified: (147 INFO:  
   PyIns...b hooks: 2026.0:   
 String) [], RemoteExcepti    
on
    + FullyQualifiedErrorId : 
    NativeCommandError
 
147 INFO: Python: 3.10.10
164 INFO: Platform: 
Windows-10-10.0.26200-SP0
164 INFO: Python environment: 
C:\Users\User\AppData\Local\Pr
ograms\Python\Python310
166 INFO: Removing temporary 
files and cleaning cache in C:
\Users\User\AppData\Local\pyin
staller
387 INFO: Module search paths 
(PYTHONPATH):
['C:\\Users\\User\\AppData\\Lo
cal\\Programs\\Python\\Python3
10\\Scripts\\pyinstaller.exe',
 'C:\\Users\\User\\AppData\\Lo
cal\\Programs\\Python\\Python3
10\\python310.zip',
 'C:\\Users\\User\\AppData\\Lo
cal\\Programs\\Python\\Python3
10\\DLLs',
 'C:\\Users\\User\\AppData\\Lo
cal\\Programs\\Python\\Python3
10\\lib',
 'C:\\Users\\User\\AppData\\Lo
cal\\Programs\\Python\\Python3
10',
 'C:\\Users\\User\\AppData\\Ro
aming\\Python\\Python310\\site
-packages',
 'C:\\Users\\User\\AppData\\Lo
cal\\Programs\\Python\\Python3
10\\lib\\site-packages',
 'C:\\Users\\User\\AppData\\Lo
cal\\Programs\\Python\\Python3
10\\lib\\site-packages\\win32'
,
 'C:\\Users\\User\\AppData\\Lo
cal\\Programs\\Python\\Python3
10\\lib\\site-packages\\win32\
\lib',
 'C:\\Users\\User\\AppData\\Lo
cal\\Programs\\Python\\Python3
10\\lib\\site-packages\\Python
win',
 'C:\\Users\\User\\Documents\\
Projects\\RemindMe']
[[1;32mINFO[0m   ] [Logger  
    ] Record log in C:\Users\U
ser\.kivy\logs\kivy_26-02-26_1
0.txt
131 INFO: Logger: Record log 
in C:\Users\User\.kivy\logs\ki
vy_26-02-26_10.txt
[[1;32mINFO[0m   ] [deps    
    ] Successfully imported 
"kivy_deps.angle" 0.3.3
129 INFO: deps: Successfully 
imported "kivy_deps.angle" 
0.3.3
[[1;32mINFO[0m   ] [deps    
    ] Successfully imported 
"kivy_deps.glew" 0.3.1
131 INFO: deps: Successfully 
imported "kivy_deps.glew" 
0.3.1
[[1;32mINFO[0m   ] [deps    
    ] Successfully imported 
"kivy_deps.sdl2" 0.4.5
131 INFO: deps: Successfully 
imported "kivy_deps.sdl2" 
0.4.5
[[1;32mINFO[0m   ] [Kivy    
    ] v2.1.0
131 INFO: Kivy: v2.1.0
[[1;32mINFO[0m   ] [Kivy    
    ] Installed at "C:\Users\U
ser\AppData\Local\Programs\Pyt
hon\Python310\lib\site-package
s\kivy\__init__.py"
131 INFO: Kivy: Installed at "
C:\Users\User\AppData\Local\Pr
ograms\Python\Python310\lib\si
te-packages\kivy\__init__.py"
[[1;32mINFO[0m   ] [Python  
    ] v3.10.10 
(tags/v3.10.10:aad5f6a, Feb  
7 2023, 17:20:36) [MSC v.1929 
64 bit (AMD64)]
132 INFO: Python: v3.10.10 
(tags/v3.10.10:aad5f6a, Feb  
7 2023, 17:20:36) [MSC v.1929 
64 bit (AMD64)]
[[1;32mINFO[0m   ] [Python  
    ] Interpreter at "C:\Users
\User\AppData\Local\Programs\P
ython\Python310\python.exe"
132 INFO: Python: Interpreter 
at "C:\Users\User\AppData\Loca
l\Programs\Python\Python310\py
thon.exe"
[[1;32mINFO[0m   ] [Logger  
    ] Purge log fired. 
Processing...
132 INFO: Logger: Purge log 
fired. Processing...
[[1;32mINFO[0m   ] [Logger  
    ] Purge finished!
139 INFO: Logger: Purge 
finished!
[[1;32mINFO[0m   ] [KivyMD  
    ] 1.1.1, git-Unknown, 
2025-12-02 (installed at "C:\U
sers\User\AppData\Local\Progra
ms\Python\Python310\lib\site-p
ackages\kivymd\__init__.py")
140 INFO: KivyMD: 1.1.1, 
git-Unknown, 2025-12-02 
(installed at "C:\Users\User\A
ppData\Local\Programs\Python\P
ython310\lib\site-packages\kiv
ymd\__init__.py")
[[1;32mINFO[0m   ] [Factory 
    ] 189 symbols loaded
143 INFO: Factory: 189 
symbols loaded
[[1;32mINFO[0m   ] [Image   
    ] Providers: img_tex, 
img_dds, img_sdl2, img_pil 
(img_ffpyplayer ignored)
385 INFO: Image: Providers: 
img_tex, img_dds, img_sdl2, 
img_pil (img_ffpyplayer 
ignored)
[[1;32mINFO[0m   ] [Text    
    ] Provider: sdl2
414 INFO: Text: Provider: sdl2
995 INFO: Appending 'datas' 
from .spec
1004 INFO: checking Analysis
1004 INFO: Building Analysis 
because Analysis-00.toc is 
non existent
1004 INFO: Looking for Python 
shared library...
1005 INFO: Using Python 
shared library: C:\Users\User\
AppData\Local\Programs\Python\
Python310\python310.dll
1005 INFO: Running Analysis 
Analysis-00.toc
1005 INFO: Target bytecode 
optimization level: 0
1005 INFO: Initializing 
module dependency graph...
1007 INFO: Initializing 
module graph hook caches...
1056 INFO: Analyzing modules 
for base_library.zip ...
1604 INFO: Processing 
standard module hook 
'hook-heapq.py' from 'C:\\User
s\\User\\AppData\\Local\\Progr
ams\\Python\\Python310\\lib\\s
ite-packages\\PyInstaller\\hoo
ks'
1753 INFO: Processing 
standard module hook 
'hook-encodings.py' from 'C:\\
Users\\User\\AppData\\Local\\P
rograms\\Python\\Python310\\li
b\\site-packages\\PyInstaller\
\hooks'
2721 INFO: Processing 
standard module hook 
'hook-pickle.py' from 'C:\\Use
rs\\User\\AppData\\Local\\Prog
rams\\Python\\Python310\\lib\\
site-packages\\PyInstaller\\ho
oks'
3544 INFO: Caching module 
dependency graph...
3581 INFO: Analyzing C:\Users\
User\Documents\Projects\Remind
Me\main.py
3595 INFO: Processing 
standard module hook 
'hook-kivy.py' from 'C:\\Users
\\User\\AppData\\Local\\Progra
ms\\Python\\Python310\\lib\\si
te-packages\\PyInstaller\\hook
s'
[[1;32mINFO[0m   ] [Logger  
    ] Record log in C:\Users\U
ser\.kivy\logs\kivy_26-02-26_1
1.txt
3612 INFO: Logger: Record log 
in C:\Users\User\.kivy\logs\ki
vy_26-02-26_11.txt
[[1;32mINFO[0m   ] [deps    
    ] Successfully imported 
"kivy_deps.angle" 0.3.3
3612 INFO: deps: Successfully 
imported "kivy_deps.angle" 
0.3.3
[[1;32mINFO[0m   ] [deps    
    ] Successfully imported 
"kivy_deps.glew" 0.3.1
3613 INFO: deps: Successfully 
imported "kivy_deps.glew" 
0.3.1
[[1;32mINFO[0m   ] [deps    
    ] Successfully imported 
"kivy_deps.sdl2" 0.4.5
3613 INFO: deps: Successfully 
imported "kivy_deps.sdl2" 
0.4.5
[[1;32mINFO[0m   ] [Kivy    
    ] v2.1.0
3613 INFO: Kivy: v2.1.0
[[1;32mINFO[0m   ] [Kivy    
    ] Installed at "C:\Users\U
ser\AppData\Local\Programs\Pyt
hon\Python310\lib\site-package
s\kivy\__init__.py"
3613 INFO: Kivy: Installed at 
"C:\Users\User\AppData\Local\P
rograms\Python\Python310\lib\s
ite-packages\kivy\__init__.py"
[[1;32mINFO[0m   ] [Python  
    ] v3.10.10 
(tags/v3.10.10:aad5f6a, Feb  
7 2023, 17:20:36) [MSC v.1929 
64 bit (AMD64)]
3614 INFO: Python: v3.10.10 
(tags/v3.10.10:aad5f6a, Feb  
7 2023, 17:20:36) [MSC v.1929 
64 bit (AMD64)]
[[1;32mINFO[0m   ] [Python  
    ] Interpreter at "C:\Users
\User\AppData\Local\Programs\P
ython\Python310\python.exe"
3614 INFO: Python: 
Interpreter at "C:\Users\User\
AppData\Local\Programs\Python\
Python310\python.exe"
[[1;32mINFO[0m   ] [Logger  
    ] Purge log fired. 
Processing...
3614 INFO: Logger: Purge log 
fired. Processing...
[[1;32mINFO[0m   ] [Logger  
    ] Purge finished!
3620 INFO: Logger: Purge 
finished!
[[1;32mINFO[0m   ] [Factory 
    ] 189 symbols loaded
3627 INFO: Factory: 189 
symbols loaded
[[1;32mINFO[0m   ] [Logger  
    ] Record log in C:\Users\U
ser\.kivy\logs\kivy_26-02-26_1
2.txt
[[1;32mINFO[0m   ] [deps    
    ] Successfully imported 
"kivy_deps.angle" 0.3.3
[[1;32mINFO[0m   ] [deps    
    ] Successfully imported 
"kivy_deps.glew" 0.3.1
[[1;32mINFO[0m   ] [deps    
    ] Successfully imported 
"kivy_deps.sdl2" 0.4.5
[[1;32mINFO[0m   ] [Kivy    
    ] v2.1.0
[[1;32mINFO[0m   ] [Kivy    
    ] Installed at "C:\Users\U
ser\AppData\Local\Programs\Pyt
hon\Python310\lib\site-package
s\kivy\__init__.py"
[[1;32mINFO[0m   ] [Python  
    ] v3.10.10 
(tags/v3.10.10:aad5f6a, Feb  
7 2023, 17:20:36) [MSC v.1929 
64 bit (AMD64)]
[[1;32mINFO[0m   ] [Python  
    ] Interpreter at "C:\Users
\User\AppData\Local\Programs\P
ython\Python310\python.exe"
[[1;32mINFO[0m   ] [Logger  
    ] Purge log fired. 
Processing...
[[1;32mINFO[0m   ] [Logger  
    ] Purge finished!
[[1;32mINFO[0m   ] [Logger  
    ] Record log in C:\Users\U
ser\.kivy\logs\kivy_26-02-26_1
3.txt
87 INFO: Logger: Record log 
in C:\Users\User\.kivy\logs\ki
vy_26-02-26_13.txt
[[1;32mINFO[0m   ] [deps    
    ] Successfully imported 
"kivy_deps.angle" 0.3.3
86 INFO: deps: Successfully 
imported "kivy_deps.angle" 
0.3.3
[[1;32mINFO[0m   ] [deps    
    ] Successfully imported 
"kivy_deps.glew" 0.3.1
88 INFO: deps: Successfully 
imported "kivy_deps.glew" 
0.3.1
[[1;32mINFO[0m   ] [deps    
    ] Successfully imported 
"kivy_deps.sdl2" 0.4.5
88 INFO: deps: Successfully 
imported "kivy_deps.sdl2" 
0.4.5
[[1;32mINFO[0m   ] [Kivy    
    ] v2.1.0
88 INFO: Kivy: v2.1.0
[[1;32mINFO[0m   ] [Kivy    
    ] Installed at "C:\Users\U
ser\AppData\Local\Programs\Pyt
hon\Python310\lib\site-package
s\kivy\__init__.py"
88 INFO: Kivy: Installed at "C
:\Users\User\AppData\Local\Pro
grams\Python\Python310\lib\sit
e-packages\kivy\__init__.py"
[[1;32mINFO[0m   ] [Python  
    ] v3.10.10 
(tags/v3.10.10:aad5f6a, Feb  
7 2023, 17:20:36) [MSC v.1929 
64 bit (AMD64)]
88 INFO: Python: v3.10.10 
(tags/v3.10.10:aad5f6a, Feb  
7 2023, 17:20:36) [MSC v.1929 
64 bit (AMD64)]
[[1;32mINFO[0m   ] [Python  
    ] Interpreter at "C:\Users
\User\AppData\Local\Programs\P
ython\Python310\python.exe"
88 INFO: Python: Interpreter 
at "C:\Users\User\AppData\Loca
l\Programs\Python\Python310\py
thon.exe"
[[1;32mINFO[0m   ] [Logger  
    ] Purge log fired. 
Processing...
89 INFO: Logger: Purge log 
fired. Processing...
[[1;32mINFO[0m   ] [Logger  
    ] Purge finished!
95 INFO: Logger: Purge 
finished!
[[1;32mINFO[0m   ] [Image   
    ] Providers: img_tex, 
img_dds, img_sdl2, img_pil 
(img_ffpyplayer ignored)
209 INFO: Image: Providers: 
img_tex, img_dds, img_sdl2, 
img_pil (img_ffpyplayer 
ignored)
[[1;33mWARNING[0m] [Could 
not find GStreamer plugins. 
Possible solution] set 
GST_PLUGIN_PATH
4119 WARNING: Could not find 
GStreamer plugins. Possible 
solution: set GST_PLUGIN_PATH
[[1;32mINFO[0m   ] [Logger  
    ] Record log in C:\Users\U
ser\.kivy\logs\kivy_26-02-26_1
4.txt
[[1;32mINFO[0m   ] [deps    
    ] Successfully imported 
"kivy_deps.angle" 0.3.3
[[1;32mINFO[0m   ] [deps    
    ] Successfully imported 
"kivy_deps.glew" 0.3.1
[[1;32mINFO[0m   ] [deps    
    ] Successfully imported 
"kivy_deps.sdl2" 0.4.5
[[1;32mINFO[0m   ] [Kivy    
    ] v2.1.0
[[1;32mINFO[0m   ] [Kivy    
    ] Installed at "C:\Users\U
ser\AppData\Local\Programs\Pyt
hon\Python310\lib\site-package
s\kivy\__init__.py"
[[1;32mINFO[0m   ] [Python  
    ] v3.10.10 
(tags/v3.10.10:aad5f6a, Feb  
7 2023, 17:20:36) [MSC v.1929 
64 bit (AMD64)]
[[1;32mINFO[0m   ] [Python  
    ] Interpreter at "C:\Users
\User\AppData\Local\Programs\P
ython\Python310\python.exe"
[[1;32mINFO[0m   ] [Logger  
    ] Purge log fired. 
Processing...
[[1;32mINFO[0m   ] [Logger  
    ] Purge finished!
[[1;32mINFO[0m   ] [Logger  
    ] Record log in C:\Users\U
ser\.kivy\logs\kivy_26-02-26_1
5.txt
94 INFO: Logger: Record log 
in C:\Users\User\.kivy\logs\ki
vy_26-02-26_15.txt
[[1;32mINFO[0m   ] [deps    
    ] Successfully imported 
"kivy_deps.angle" 0.3.3
93 INFO: deps: Successfully 
imported "kivy_deps.angle" 
0.3.3
[[1;32mINFO[0m   ] [deps    
    ] Successfully imported 
"kivy_deps.glew" 0.3.1
95 INFO: deps: Successfully 
imported "kivy_deps.glew" 
0.3.1
[[1;32mINFO[0m   ] [deps    
    ] Successfully imported 
"kivy_deps.sdl2" 0.4.5
95 INFO: deps: Successfully 
imported "kivy_deps.sdl2" 
0.4.5
[[1;32mINFO[0m   ] [Kivy    
    ] v2.1.0
95 INFO: Kivy: v2.1.0
[[1;32mINFO[0m   ] [Kivy    
    ] Installed at "C:\Users\U
ser\AppData\Local\Programs\Pyt
hon\Python310\lib\site-package
s\kivy\__init__.py"
95 INFO: Kivy: Installed at "C
:\Users\User\AppData\Local\Pro
grams\Python\Python310\lib\sit
e-packages\kivy\__init__.py"
[[1;32mINFO[0m   ] [Python  
    ] v3.10.10 
(tags/v3.10.10:aad5f6a, Feb  
7 2023, 17:20:36) [MSC v.1929 
64 bit (AMD64)]
95 INFO: Python: v3.10.10 
(tags/v3.10.10:aad5f6a, Feb  
7 2023, 17:20:36) [MSC v.1929 
64 bit (AMD64)]
[[1;32mINFO[0m   ] [Python  
    ] Interpreter at "C:\Users
\User\AppData\Local\Programs\P
ython\Python310\python.exe"
95 INFO: Python: Interpreter 
at "C:\Users\User\AppData\Loca
l\Programs\Python\Python310\py
thon.exe"
[[1;32mINFO[0m   ] [Logger  
    ] Purge log fired. 
Processing...
96 INFO: Logger: Purge log 
fired. Processing...
[[1;32mINFO[0m   ] [Logger  
    ] Purge finished!
104 INFO: Logger: Purge 
finished!
[[1;32mINFO[0m   ] [Factory 
    ] 189 symbols loaded
138 INFO: Factory: 189 
symbols loaded
[[1;32mINFO[0m   ] [Image   
    ] Providers: img_tex, 
img_dds, img_sdl2, img_pil 
(img_ffpyplayer ignored)
323 INFO: Image: Providers: 
img_tex, img_dds, img_sdl2, 
img_pil (img_ffpyplayer 
ignored)
[[1;32mINFO[0m   ] [Window  
    ] Provider: sdl2
381 INFO: Window: Provider: 
sdl2
[[1;32mINFO[0m   ] [GL      
    ] Using the "OpenGL" 
graphics system
655 INFO: GL: Using the 
"OpenGL" graphics system
[[1;32mINFO[0m   ] [GL      
    ] GLEW initialization 
succeeded
660 INFO: GL: GLEW 
initialization succeeded
[[1;32mINFO[0m   ] [GL      
    ] Backend used <glew>
661 INFO: GL: Backend used 
<glew>
[[1;32mINFO[0m   ] [GL      
    ] OpenGL version <b'4.6.0 
- Build 31.0.101.5333'>
661 INFO: GL: OpenGL version 
<b'4.6.0 - Build 
31.0.101.5333'>
[[1;32mINFO[0m   ] [GL      
    ] OpenGL vendor <b'Intel'>
661 INFO: GL: OpenGL vendor 
<b'Intel'>
[[1;32mINFO[0m   ] [GL      
    ] OpenGL renderer 
<b'Intel(R) UHD Graphics'>
661 INFO: GL: OpenGL renderer 
<b'Intel(R) UHD Graphics'>
[[1;32mINFO[0m   ] [GL      
    ] OpenGL parsed version: 
4, 6
662 INFO: GL: OpenGL parsed 
version: 4, 6
[[1;32mINFO[0m   ] [GL      
    ] Shading version <b'4.60 
- Build 31.0.101.5333'>
663 INFO: GL: Shading version 
<b'4.60 - Build 
31.0.101.5333'>
[[1;32mINFO[0m   ] [GL      
    ] Texture max size <16384>
664 INFO: GL: Texture max 
size <16384>
[[1;32mINFO[0m   ] [GL      
    ] Texture max units <32>
664 INFO: GL: Texture max 
units <32>
[[1;32mINFO[0m   ] [Window  
    ] auto add sdl2 input 
provider
711 INFO: Window: auto add 
sdl2 input provider
[[1;32mINFO[0m   ] [Window  
    ] virtual keyboard not 
allowed, single mode, not 
docked
714 INFO: Window: virtual 
keyboard not allowed, single 
mode, not docked
[[1;32mINFO[0m   ] [Video   
    ] Provider: 
null(['video_ffmpeg', 
'video_ffpyplayer'] ignored)
724 INFO: Video: Provider: 
null(['video_ffmpeg', 
'video_ffpyplayer'] ignored)
[[1;32mINFO[0m   ] [Text    
    ] Provider: sdl2
731 INFO: Text: Provider: sdl2
[[1;31mCRITICAL[0m] 
[Spelling    ] Unable to find 
any valuable Spelling 
provider. Please enable debug 
logging (e.g. add -d if 
running from the command 
line, or change the log level 
in the config) and re-run 
your app to identify 
potential causes
enchant - 
ModuleNotFoundError: No 
module named 'enchant'
  File "C:\Users\User\AppData\
Local\Programs\Python\Python31
0\lib\site-packages\kivy\core\
__init__.py", line 59, in 
core_select_lib
    mod = importlib.__import__
(name='{2}.{0}.{1}'.format(
  File "<frozen 
importlib._bootstrap>", line 
1129, in __import__
  File "<frozen 
importlib._bootstrap>", line 
1050, in _gcd_import
  File "<frozen 
importlib._bootstrap>", line 
1027, in _find_and_load
  File "<frozen 
importlib._bootstrap>", line 
1006, in 
_find_and_load_unlocked
  File "<frozen 
importlib._bootstrap>", line 
688, in _load_unlocked
  File "<frozen importlib._boo
tstrap_external>", line 883, 
in exec_module
  File "<frozen 
importlib._bootstrap>", line 
241, in 
_call_with_frames_removed
  File "C:\Users\User\AppData\
Local\Programs\Python\Python31
0\lib\site-packages\kivy\core\
spelling\spelling_enchant.py",
 line 12, in <module>
    import enchant

755 CRITICAL: Spelling: 
Unable to find any valuable 
Spelling provider. Please 
enable debug logging (e.g. 
add -d if running from the 
command line, or change the 
log level in the config) and 
re-run your app to identify 
potential causes
enchant - 
ModuleNotFoundError: No 
module named 'enchant'
  File "C:\Users\User\AppData\
Local\Programs\Python\Python31
0\lib\site-packages\kivy\core\
__init__.py", line 59, in 
core_select_lib
    mod = importlib.__import__
(name='{2}.{0}.{1}'.format(
  File "<frozen 
importlib._bootstrap>", line 
1129, in __import__
  File "<frozen 
importlib._bootstrap>", line 
1050, in _gcd_import
  File "<frozen 
importlib._bootstrap>", line 
1027, in _find_and_load
  File "<frozen 
importlib._bootstrap>", line 
1006, in 
_find_and_load_unlocked
  File "<frozen 
importlib._bootstrap>", line 
688, in _load_unlocked
  File "<frozen importlib._boo
tstrap_external>", line 883, 
in exec_module
  File "<frozen 
importlib._bootstrap>", line 
241, in 
_call_with_frames_removed
  File "C:\Users\User\AppData\
Local\Programs\Python\Python31
0\lib\site-packages\kivy\core\
spelling\spelling_enchant.py",
 line 12, in <module>
    import enchant

[[1;32mINFO[0m   ] 
[Clipboard   ] Provider: 
winctypes
760 INFO: Clipboard: 
Provider: winctypes
[[1;32mINFO[0m   ] [Camera  
    ] Provider: 
opencv(['camera_picamera', 
'camera_gi'] ignored)
925 INFO: Camera: Provider: 
opencv(['camera_picamera', 
'camera_gi'] ignored)
[[1;32mINFO[0m   ] [Audio   
    ] Providers: audio_sdl2 
(audio_ffpyplayer ignored)
932 INFO: Audio: Providers: 
audio_sdl2 (audio_ffpyplayer 
ignored)
5670 INFO: Processing 
standard module hook 
'hook-platform.py' from 'C:\\U
sers\\User\\AppData\\Local\\Pr
ograms\\Python\\Python310\\lib
\\site-packages\\PyInstaller\\
hooks'
5685 INFO: Processing 
standard module hook 
'hook-sysconfig.py' from 'C:\\
Users\\User\\AppData\\Local\\P
rograms\\Python\\Python310\\li
b\\site-packages\\PyInstaller\
\hooks'
6077 INFO: Processing 
standard module hook 
'hook-kivymd.py' from 'C:\\Use
rs\\User\\AppData\\Local\\Prog
rams\\Python\\Python310\\lib\\
site-packages\\kivymd\\tools\\
packaging\\pyinstaller'
[[1;32mINFO[0m   ] [KivyMD  
    ] 1.1.1, git-Unknown, 
2025-12-02 (installed at "C:\U
sers\User\AppData\Local\Progra
ms\Python\Python310\lib\site-p
ackages\kivymd\__init__.py")
6080 INFO: KivyMD: 1.1.1, 
git-Unknown, 2025-12-02 
(installed at "C:\Users\User\A
ppData\Local\Programs\Python\P
ython310\lib\site-packages\kiv
ymd\__init__.py")
[[1;32mINFO[0m   ] [Image   
    ] Providers: img_tex, 
img_dds, img_sdl2, img_pil 
(img_ffpyplayer ignored)
6193 INFO: Image: Providers: 
img_tex, img_dds, img_sdl2, 
img_pil (img_ffpyplayer 
ignored)
[[1;32mINFO[0m   ] [Text    
    ] Provider: sdl2
6203 INFO: Text: Provider: 
sdl2
6334 INFO: Processing 
standard module hook 
'hook-_ctypes.py' from 'C:\\Us
ers\\User\\AppData\\Local\\Pro
grams\\Python\\Python310\\lib\
\site-packages\\PyInstaller\\h
ooks'
6532 INFO: Processing 
standard module hook 'hook-mul
tiprocessing.util.py' from 'C:
\\Users\\User\\AppData\\Local\
\Programs\\Python\\Python310\\
lib\\site-packages\\PyInstalle
r\\hooks'
6639 INFO: Processing 
standard module hook 
'hook-xml.py' from 'C:\\Users\
\User\\AppData\\Local\\Program
s\\Python\\Python310\\lib\\sit
e-packages\\PyInstaller\\hooks
'
7740 INFO: Processing 
standard module hook 
'hook-PIL.py' from 'C:\\Users\
\User\\AppData\\Local\\Program
s\\Python\\Python310\\lib\\sit
e-packages\\PyInstaller\\hooks
'
7829 INFO: Processing 
standard module hook 
'hook-PIL.Image.py' from 'C:\\
Users\\User\\AppData\\Local\\P
rograms\\Python\\Python310\\li
b\\site-packages\\PyInstaller\
\hooks'
8139 INFO: Processing 
standard module hook 
'hook-numpy.py' from 'C:\\User
s\\User\\AppData\\Local\\Progr
ams\\Python\\Python310\\lib\\s
ite-packages\\PyInstaller\\hoo
ks'
9125 INFO: Processing 
standard module hook 
'hook-difflib.py' from 'C:\\Us
ers\\User\\AppData\\Local\\Pro
grams\\Python\\Python310\\lib\
\site-packages\\PyInstaller\\h
ooks'
9372 INFO: Processing 
standard module hook 
'hook-psutil.py' from 'C:\\Use
rs\\User\\AppData\\Local\\Prog
rams\\Python\\Python310\\lib\\
site-packages\\_pyinstaller_ho
oks_contrib\\stdhooks'
10136 INFO: Processing 
standard module hook 
'hook-charset_normalizer.py' 
from 'C:\\Users\\User\\AppData
\\Local\\Programs\\Python\\Pyt
hon310\\lib\\site-packages\\_p
yinstaller_hooks_contrib\\stdh
ooks'
10361 INFO: Processing 
pre-safe-import-module hook 
'hook-typing_extensions.py' 
from 'C:\\Users\\User\\AppData
\\Local\\Programs\\Python\\Pyt
hon310\\lib\\site-packages\\Py
Installer\\hooks\\pre_safe_imp
ort_module'
10361 INFO: SetuptoolsInfo: 
initializing cached 
setuptools info...
11877 INFO: Processing 
standard module hook 
'hook-pycparser.py' from 'C:\\
Users\\User\\AppData\\Local\\P
rograms\\Python\\Python310\\li
b\\site-packages\\_pyinstaller
_hooks_contrib\\stdhooks'
12273 INFO: Processing 
standard module hook 
'hook-setuptools.py' from 'C:\
\Users\\User\\AppData\\Local\\
Programs\\Python\\Python310\\l
ib\\site-packages\\PyInstaller
\\hooks'
12278 INFO: Processing 
pre-safe-import-module hook 
'hook-distutils.py' from 'C:\\
Users\\User\\AppData\\Local\\P
rograms\\Python\\Python310\\li
b\\site-packages\\PyInstaller\
\hooks\\pre_safe_import_module
'
12278 INFO: Processing 
pre-find-module-path hook 
'hook-distutils.py' from 'C:\\
Users\\User\\AppData\\Local\\P
rograms\\Python\\Python310\\li
b\\site-packages\\PyInstaller\
\hooks\\pre_find_module_path'
12807 INFO: Processing 
standard module hook 
'hook-distutils.py' from 'C:\\
Users\\User\\AppData\\Local\\P
rograms\\Python\\Python310\\li
b\\site-packages\\PyInstaller\
\hooks'
12867 INFO: Processing 
standard module hook 
'hook-distutils.util.py' from 
'C:\\Users\\User\\AppData\\Loc
al\\Programs\\Python\\Python31
0\\lib\\site-packages\\PyInsta
ller\\hooks'
12891 INFO: Processing 
standard module hook 
'hook-_osx_support.py' from 'C
:\\Users\\User\\AppData\\Local
\\Programs\\Python\\Python310\
\lib\\site-packages\\PyInstall
er\\hooks'
12984 INFO: Processing 
standard module hook 
'hook-pkg_resources.py' from '
C:\\Users\\User\\AppData\\Loca
l\\Programs\\Python\\Python310
\\lib\\site-packages\\PyInstal
ler\\hooks'
14058 INFO: Processing 
pre-safe-import-module hook 
'hook-importlib_metadata.py' 
from 'C:\\Users\\User\\AppData
\\Local\\Programs\\Python\\Pyt
hon310\\lib\\site-packages\\Py
Installer\\hooks\\pre_safe_imp
ort_module'
14130 INFO: Processing 
pre-safe-import-module hook 
'hook-packaging.py' from 'C:\\
Users\\User\\AppData\\Local\\P
rograms\\Python\\Python310\\li
b\\site-packages\\PyInstaller\
\hooks\\pre_safe_import_module
'
15056 INFO: Processing 
standard module hook 
'hook-PIL.ImageFilter.py' 
from 'C:\\Users\\User\\AppData
\\Local\\Programs\\Python\\Pyt
hon310\\lib\\site-packages\\Py
Installer\\hooks'
15477 INFO: Processing 
standard module hook 
'hook-certifi.py' from 'C:\\Us
ers\\User\\AppData\\Local\\Pro
grams\\Python\\Python310\\lib\
\site-packages\\_pyinstaller_h
ooks_contrib\\stdhooks'
15873 INFO: Processing 
standard module hook 
'hook-sqlite3.py' from 'C:\\Us
ers\\User\\AppData\\Local\\Pro
grams\\Python\\Python310\\lib\
\site-packages\\PyInstaller\\h
ooks'
16158 INFO: Processing 
standard module hook 
'hook-Crypto.py' from 'C:\\Use
rs\\User\\AppData\\Local\\Prog
rams\\Python\\Python310\\lib\\
site-packages\\_pyinstaller_ho
oks_contrib\\stdhooks'
16740 INFO: Processing 
standard module hook 
'hook-urllib3.py' from 'C:\\Us
ers\\User\\AppData\\Local\\Pro
grams\\Python\\Python310\\lib\
\site-packages\\_pyinstaller_h
ooks_contrib\\stdhooks'
16765 INFO: Processing 
pre-safe-import-module hook 'h
ook-urllib3.packages.six.moves
.py' from 'C:\\Users\\User\\Ap
pData\\Local\\Programs\\Python
\\Python310\\lib\\site-package
s\\PyInstaller\\hooks\\pre_saf
e_import_module'
17349 INFO: Processing 
standard module hook 
'hook-cryptography.py' from 'C
:\\Users\\User\\AppData\\Local
\\Programs\\Python\\Python310\
\lib\\site-packages\\_pyinstal
ler_hooks_contrib\\stdhooks'
18453 INFO: 
hook-cryptography: 
cryptography does not seem to 
be using dynamically linked 
OpenSSL.
18694 INFO: Processing 
standard module hook 
'hook-bcrypt.py' from 'C:\\Use
rs\\User\\AppData\\Local\\Prog
rams\\Python\\Python310\\lib\\
site-packages\\_pyinstaller_ho
oks_contrib\\stdhooks'
18929 INFO: Processing 
standard module hook 
'hook-pyttsx3.py' from 'C:\\Us
ers\\User\\AppData\\Local\\Pro
grams\\Python\\Python310\\lib\
\site-packages\\_pyinstaller_h
ooks_contrib\\stdhooks'
19416 INFO: Processing 
standard module hook 
'hook-dateparser.py' from 'C:\
\Users\\User\\AppData\\Local\\
Programs\\Python\\Python310\\l
ib\\site-packages\\_pyinstalle
r_hooks_contrib\\stdhooks'
19640 INFO: Processing 
standard module hook 
'hook-pytz.py' from 'C:\\Users
\\User\\AppData\\Local\\Progra
ms\\Python\\Python310\\lib\\si
te-packages\\PyInstaller\\hook
s'
19857 INFO: Processing 
standard module hook 
'hook-regex.py' from 'C:\\User
s\\User\\AppData\\Local\\Progr
ams\\Python\\Python310\\lib\\s
ite-packages\\_pyinstaller_hoo
ks_contrib\\stdhooks'
19978 INFO: Processing 
standard module hook 
'hook-zoneinfo.py' from 'C:\\U
sers\\User\\AppData\\Local\\Pr
ograms\\Python\\Python310\\lib
\\site-packages\\_pyinstaller_
hooks_contrib\\stdhooks'
20023 INFO: Processing 
standard module hook 'hook-dat
eparser.utils.strptime.py' 
from 'C:\\Users\\User\\AppData
\\Local\\Programs\\Python\\Pyt
hon310\\lib\\site-packages\\_p
yinstaller_hooks_contrib\\stdh
ooks'
20530 INFO: Processing 
standard module hook 
'hook-dateutil.py' from 'C:\\U
sers\\User\\AppData\\Local\\Pr
ograms\\Python\\Python310\\lib
\\site-packages\\_pyinstaller_
hooks_contrib\\stdhooks'
20681 INFO: Processing 
pre-safe-import-module hook 
'hook-six.moves.py' from 'C:\\
Users\\User\\AppData\\Local\\P
rograms\\Python\\Python310\\li
b\\site-packages\\PyInstaller\
\hooks\\pre_safe_import_module
'
20921 INFO: Analyzing hidden 
import 'plyer.platforms.win.no
tification'
20932 INFO: Analyzing hidden 
import 'plyer.platforms.androi
d.notification'
20936 INFO: Analyzing hidden 
import 'win32gui_struct'
20984 INFO: Processing 
standard module hook 
'hook-pywintypes.py' from 'C:\
\Users\\User\\AppData\\Local\\
Programs\\Python\\Python310\\l
ib\\site-packages\\_pyinstalle
r_hooks_contrib\\stdhooks'
21056 INFO: Analyzing hidden 
import 'win32event'
21056 INFO: Analyzing hidden 
import 'win32process'
21057 INFO: Analyzing hidden 
import 'win32security'
21057 INFO: Analyzing hidden 
import 'win32service'
21058 INFO: Analyzing hidden 
import 'win32serviceutil'
21255 INFO: Analyzing hidden 
import 'pythoncom'
21255 INFO: Processing 
standard module hook 
'hook-pythoncom.py' from 'C:\\
Users\\User\\AppData\\Local\\P
rograms\\Python\\Python310\\li
b\\site-packages\\_pyinstaller
_hooks_contrib\\stdhooks'
21334 INFO: Analyzing hidden 
import 'win32com'
21334 INFO: Processing 
pre-safe-import-module hook 
'hook-win32com.py' from 'C:\\U
sers\\User\\AppData\\Local\\Pr
ograms\\Python\\Python310\\lib
\\site-packages\\_pyinstaller_
hooks_contrib\\pre_safe_import
_module'
21416 INFO: Processing 
standard module hook 
'hook-win32com.py' from 'C:\\U
sers\\User\\AppData\\Local\\Pr
ograms\\Python\\Python310\\lib
\\site-packages\\_pyinstaller_
hooks_contrib\\stdhooks'
21417 INFO: Analyzing hidden 
import 'win32com.client'
21546 INFO: Analyzing hidden 
import 'win32com.server'
21547 INFO: Analyzing hidden 
import 'win32com.server.util'
21579 INFO: Analyzing hidden 
import 'win32timezone'
21593 INFO: Analyzing hidden 
import 'pyttsx3.drivers'
21594 INFO: Analyzing hidden 
import 'pyttsx3.drivers.sapi5'
21738 INFO: Processing 
standard module hook 
'hook-comtypes.client.py' 
from 'C:\\Users\\User\\AppData
\\Local\\Programs\\Python\\Pyt
hon310\\lib\\site-packages\\_p
yinstaller_hooks_contrib\\stdh
ooks'
22223 INFO: Analyzing hidden 
import 
'pkg_resources.py2_warn'
22223 ERROR: Hidden import 
'pkg_resources.py2_warn' not 
found
22223 INFO: Processing module 
hooks (post-graph stage)...
22747 INFO: Processing 
standard module hook 
'hook-docutils.py' from 'C:\\U
sers\\User\\AppData\\Local\\Pr
ograms\\Python\\Python310\\lib
\\site-packages\\_pyinstaller_
hooks_contrib\\stdhooks'
24581 INFO: Processing 
standard module hook 
'hook-xml.dom.domreg.py' from 
'C:\\Users\\User\\AppData\\Loc
al\\Programs\\Python\\Python31
0\\lib\\site-packages\\PyInsta
ller\\hooks'
24793 INFO: Processing 
standard module hook 
'hook-pygments.py' from 'C:\\U
sers\\User\\AppData\\Local\\Pr
ograms\\Python\\Python310\\lib
\\site-packages\\PyInstaller\\
hooks'
25991 INFO: Processing 
standard module hook 
'hook-cv2.py' from 'C:\\Users\
\User\\AppData\\Local\\Program
s\\Python\\Python310\\lib\\sit
e-packages\\_pyinstaller_hooks
_contrib\\stdhooks'
26372 INFO: Processing 
pre-safe-import-module hook 
'hook-gi.py' from 'C:\\Users\\
User\\AppData\\Local\\Programs
\\Python\\Python310\\lib\\site
-packages\\PyInstaller\\hooks\
\pre_safe_import_module'
26436 INFO: Processing 
standard module hook 'hook-xml
.etree.cElementTree.py' from '
C:\\Users\\User\\AppData\\Loca
l\\Programs\\Python\\Python310
\\lib\\site-packages\\PyInstal
ler\\hooks'
27114 INFO: Processing 
standard module hook 'hook-PIL
.SpiderImagePlugin.py' from 'C
:\\Users\\User\\AppData\\Local
\\Programs\\Python\\Python310\
\lib\\site-packages\\PyInstall
er\\hooks'
27731 INFO: Processing 
standard module hook 
'hook-jinja2.py' from 'C:\\Use
rs\\User\\AppData\\Local\\Prog
rams\\Python\\Python310\\lib\\
site-packages\\_pyinstaller_ho
oks_contrib\\stdhooks'
29773 INFO: Processing 
standard module hook 'hook-set
uptools._vendor.importlib_meta
data.py' from 'C:\\Users\\User
\\AppData\\Local\\Programs\\Py
thon\\Python310\\lib\\site-pac
kages\\PyInstaller\\hooks'
29888 INFO: Processing 
standard module hook 'hook-set
uptools._vendor.jaraco.text.py
' from 'C:\\Users\\User\\AppDa
ta\\Local\\Programs\\Python\\P
ython310\\lib\\site-packages\\
PyInstaller\\hooks'
31148 INFO: Processing 
standard module hook 
'hook-tzdata.py' from 'C:\\Use
rs\\User\\AppData\\Local\\Prog
rams\\Python\\Python310\\lib\\
site-packages\\_pyinstaller_ho
oks_contrib\\stdhooks'
31694 INFO: Performing binary 
vs. data reclassification 
(1540 entries)
32067 INFO: Looking for 
ctypes DLLs
32143 INFO: Analyzing 
run-time hooks ...
32150 INFO: Including 
run-time hook 
'pyi_rth_inspect.py' from 'C:\
\Users\\User\\AppData\\Local\\
Programs\\Python\\Python310\\l
ib\\site-packages\\PyInstaller
\\hooks\\rthooks'
32158 INFO: Including 
run-time hook 
'pyi_rth_pkgutil.py' from 'C:\
\Users\\User\\AppData\\Local\\
Programs\\Python\\Python310\\l
ib\\site-packages\\PyInstaller
\\hooks\\rthooks'
32160 INFO: Including 
run-time hook 
'pyi_rth_multiprocessing.py' 
from 'C:\\Users\\User\\AppData
\\Local\\Programs\\Python\\Pyt
hon310\\lib\\site-packages\\Py
Installer\\hooks\\rthooks'
32160 INFO: Including 
run-time hook 
'pyi_rth_pythoncom.py' from 'C
:\\Users\\User\\AppData\\Local
\\Programs\\Python\\Python310\
\lib\\site-packages\\_pyinstal
ler_hooks_contrib\\rthooks'
32163 INFO: Including 
run-time hook 
'pyi_rth_pywintypes.py' from '
C:\\Users\\User\\AppData\\Loca
l\\Programs\\Python\\Python310
\\lib\\site-packages\\_pyinsta
ller_hooks_contrib\\rthooks'
32164 INFO: Including 
run-time hook 
'pyi_rth_pkgres.py' from 'C:\\
Users\\User\\AppData\\Local\\P
rograms\\Python\\Python310\\li
b\\site-packages\\PyInstaller\
\hooks\\rthooks'
32167 INFO: Including 
run-time hook 
'pyi_rth_setuptools.py' from '
C:\\Users\\User\\AppData\\Loca
l\\Programs\\Python\\Python310
\\lib\\site-packages\\PyInstal
ler\\hooks\\rthooks'
32169 INFO: Including 
run-time hook 
'pyi_rth_kivy.py' from 'C:\\Us
ers\\User\\AppData\\Local\\Pro
grams\\Python\\Python310\\lib\
\site-packages\\PyInstaller\\h
ooks\\rthooks'
32170 INFO: Including 
run-time hook 
'pyi_rth_gstreamer.py' from 'C
:\\Users\\User\\AppData\\Local
\\Programs\\Python\\Python310\
\lib\\site-packages\\PyInstall
er\\hooks\\rthooks'
32172 INFO: Including 
run-time hook 'pyi_rth_cryptog
raphy_openssl.py' from 'C:\\Us
ers\\User\\AppData\\Local\\Pro
grams\\Python\\Python310\\lib\
\site-packages\\_pyinstaller_h
ooks_contrib\\rthooks'
32294 INFO: Creating 
base_library.zip...
32314 INFO: Looking for 
dynamic libraries
[[1;32mINFO[0m   ] [Logger  
    ] Record log in C:\Users\U
ser\.kivy\logs\kivy_26-02-26_1
6.txt
[[1;32mINFO[0m   ] [deps    
    ] Successfully imported 
"kivy_deps.angle" 0.3.3
[[1;32mINFO[0m   ] [deps    
    ] Successfully imported 
"kivy_deps.glew" 0.3.1
[[1;32mINFO[0m   ] [deps    
    ] Successfully imported 
"kivy_deps.sdl2" 0.4.5
[[1;32mINFO[0m   ] [Kivy    
    ] v2.1.0
[[1;32mINFO[0m   ] [Kivy    
    ] Installed at "C:\Users\U
ser\AppData\Local\Programs\Pyt
hon\Python310\lib\site-package
s\kivy\__init__.py"
[[1;32mINFO[0m   ] [Python  
    ] v3.10.10 
(tags/v3.10.10:aad5f6a, Feb  
7 2023, 17:20:36) [MSC v.1929 
64 bit (AMD64)]
[[1;32mINFO[0m   ] [Python  
    ] Interpreter at "C:\Users
\User\AppData\Local\Programs\P
ython\Python310\python.exe"
[[1;32mINFO[0m   ] [Logger  
    ] Purge log fired. 
Processing...
[[1;32mINFO[0m   ] [Logger  
    ] Purge finished!
[[1;32mINFO[0m   ] [KivyMD  
    ] 1.1.1, git-Unknown, 
2025-12-02 (installed at "C:\U
sers\User\AppData\Local\Progra
ms\Python\Python310\lib\site-p
ackages\kivymd\__init__.py")
[[1;32mINFO[0m   ] [Factory 
    ] 189 symbols loaded
[[1;32mINFO[0m   ] [Image   
    ] Providers: img_tex, 
img_dds, img_sdl2, img_pil 
(img_ffpyplayer ignored)
[[1;32mINFO[0m   ] [Text    
    ] Provider: sdl2
[[1;32mINFO[0m   ] [Window  
    ] Provider: sdl2
[[1;32mINFO[0m   ] [GL      
    ] Using the "OpenGL" 
graphics system
[[1;32mINFO[0m   ] [GL      
    ] GLEW initialization 
succeeded
[[1;32mINFO[0m   ] [GL      
    ] Backend used <glew>
[[1;32mINFO[0m   ] [GL      
    ] OpenGL version <b'4.6.0 
- Build 31.0.101.5333'>
[[1;32mINFO[0m   ] [GL      
    ] OpenGL vendor <b'Intel'>
[[1;32mINFO[0m   ] [GL      
    ] OpenGL renderer 
<b'Intel(R) UHD Graphics'>
[[1;32mINFO[0m   ] [GL      
    ] OpenGL parsed version: 
4, 6
[[1;32mINFO[0m   ] [GL      
    ] Shading version <b'4.60 
- Build 31.0.101.5333'>
[[1;32mINFO[0m   ] [GL      
    ] Texture max size <16384>
[[1;32mINFO[0m   ] [GL      
    ] Texture max units <32>
[[1;32mINFO[0m   ] [Window  
    ] auto add sdl2 input 
provider
[[1;32mINFO[0m   ] [Window  
    ] virtual keyboard not 
allowed, single mode, not 
docked
[[1;32mINFO[0m   ] [Video   
    ] Provider: 
null(['video_ffmpeg', 
'video_ffpyplayer'] ignored)
[[1;32mINFO[0m   ] 
[Clipboard   ] Provider: 
winctypes
[[1;32mINFO[0m   ] [Camera  
    ] Provider: 
opencv(['camera_picamera', 
'camera_gi'] ignored)
[[1;31mCRITICAL[0m] 
[Spelling    ] Unable to find 
any valuable Spelling 
provider. Please enable debug 
logging (e.g. add -d if 
running from the command 
line, or change the log level 
in the config) and re-run 
your app to identify 
potential causes
enchant - 
ModuleNotFoundError: No 
module named 'enchant'
  File "C:\Users\User\AppData\
Local\Programs\Python\Python31
0\lib\site-packages\kivy\core\
__init__.py", line 59, in 
core_select_lib
    mod = importlib.__import__
(name='{2}.{0}.{1}'.format(
  File "<frozen 
importlib._bootstrap>", line 
1129, in __import__
  File "<frozen 
importlib._bootstrap>", line 
1050, in _gcd_import
  File "<frozen 
importlib._bootstrap>", line 
1027, in _find_and_load
  File "<frozen 
importlib._bootstrap>", line 
1006, in 
_find_and_load_unlocked
  File "<frozen 
importlib._bootstrap>", line 
688, in _load_unlocked
  File "<frozen importlib._boo
tstrap_external>", line 883, 
in exec_module
  File "<frozen 
importlib._bootstrap>", line 
241, in 
_call_with_frames_removed
  File "C:\Users\User\AppData\
Local\Programs\Python\Python31
0\lib\site-packages\kivy\core\
spelling\spelling_enchant.py",
 line 12, in <module>
    import enchant

[[1;32mINFO[0m   ] [Audio   
    ] Providers: audio_sdl2 
(audio_ffpyplayer ignored)
34422 INFO: Extra DLL search 
directories 
(AddDllDirectory): ['C:\\Users
\\User\\AppData\\Local\\Progra
ms\\Python\\Python310\\lib\\si
te-packages\\numpy.libs', 'C:\
\Users\\User\\AppData\\Local\\
Programs\\Python\\Python310\\s
hare\\angle\\bin', 'C:\\Users\
\User\\AppData\\Local\\Program
s\\Python\\Python310\\share\\g
lew\\bin', 'C:\\Users\\User\\A
ppData\\Local\\Programs\\Pytho
n\\Python310\\share\\sdl2\\bin
', 'C:\\Users\\User\\AppData\\
Local\\Programs\\Python\\Pytho
n310\\Lib\\site-packages\\cv2\
\../../x64/vc17/bin']
34422 INFO: Extra DLL search 
directories (PATH): ['C:\\User
s\\User\\AppData\\Local\\Progr
ams\\Python\\Python310\\Lib\\s
ite-packages\\cv2\\../../x64/v
c17/bin']
35923 WARNING: Library not 
found: could not resolve 
'gstreamer-1.0-0.dll', 
dependency of 'C:\\Users\\User
\\AppData\\Local\\Programs\\Py
thon\\Python310\\lib\\site-pac
kages\\kivy\\lib\\gstplayer\\_
gstplayer.cp310-win_amd64.pyd'
.
35923 WARNING: Library not 
found: could not resolve 
'glib-2.0-0.dll', dependency 
of 'C:\\Users\\User\\AppData\\
Local\\Programs\\Python\\Pytho
n310\\lib\\site-packages\\kivy
\\lib\\gstplayer\\_gstplayer.c
p310-win_amd64.pyd'.
35924 WARNING: Library not 
found: could not resolve 
'gobject-2.0-0.dll', 
dependency of 'C:\\Users\\User
\\AppData\\Local\\Programs\\Py
thon\\Python310\\lib\\site-pac
kages\\kivy\\lib\\gstplayer\\_
gstplayer.cp310-win_amd64.pyd'
.
36031 INFO: Warnings written 
to C:\Users\User\Documents\Pro
jects\RemindMe\build\remindme\
warn-remindme.txt
36217 INFO: Graph 
cross-reference written to C:\
Users\User\Documents\Projects\
RemindMe\build\remindme\xref-r
emindme.html
36373 INFO: checking PYZ
36373 INFO: Building PYZ 
because PYZ-00.toc is non 
existent
36374 INFO: Building PYZ 
(ZlibArchive) C:\Users\User\Do
cuments\Projects\RemindMe\buil
d\remindme\PYZ-00.pyz
37303 INFO: Building PYZ 
(ZlibArchive) C:\Users\User\Do
cuments\Projects\RemindMe\buil
d\remindme\PYZ-00.pyz 
completed successfully.
37343 INFO: checking Tree
37343 INFO: Building Tree 
because Tree-00.toc is non 
existent
37343 INFO: Building Tree 
Tree-00.toc
37344 INFO: checking Tree
37344 INFO: Building Tree 
because Tree-01.toc is non 
existent
37344 INFO: Building Tree 
Tree-01.toc
37346 INFO: checking Tree
37346 INFO: Building Tree 
because Tree-02.toc is non 
existent
37346 INFO: Building Tree 
Tree-02.toc
37383 INFO: checking PKG
37383 INFO: Building PKG 
because PKG-00.toc is non 
existent
37383 INFO: Building PKG 
(CArchive) RemindMe_v1.7.pkg
59398 INFO: Building PKG 
(CArchive) RemindMe_v1.7.pkg 
completed successfully.
59429 INFO: Bootloader C:\User
s\User\AppData\Local\Programs\
Python\Python310\lib\site-pack
ages\PyInstaller\bootloader\Wi
ndows-64bit-intel\runw.exe
59429 INFO: checking EXE
59429 INFO: Building EXE 
because EXE-00.toc is non 
existent
59429 INFO: Building EXE from 
EXE-00.toc
59431 INFO: Copying 
bootloader EXE to C:\Users\Use
r\Documents\Projects\RemindMe\
dist\RemindMe_v1.7.exe
59443 INFO: Copying icon to 
EXE
60873 INFO: Copying 0 
resources to EXE
60873 INFO: Embedding 
manifest in EXE
60877 INFO: Appending PKG 
archive to EXE
60951 INFO: Fixing EXE headers
62957 WARNING: Execution of 
'set_exe_build_timestamp' 
failed on attempt #1 / 20: 
PermissionError(13, 
'Permission denied'). 
Retrying in 0.05 second(s)...
67961 INFO: Building EXE from 
EXE-00.toc completed 
successfully.
67994 INFO: Build complete! 
The results are available in: 
C:\Users\User\Documents\Projec
ts\RemindMe\dist
